../Core/Src/main.c:94:5:main	24	static
../Core/Src/main.c:169:6:SystemClock_Config	72	static
../Core/Src/main.c:208:13:MX_I2C1_Init	8	static
../Core/Src/main.c:242:13:MX_TIM3_Init	64	static
../Core/Src/main.c:301:13:MX_USART2_UART_Init	8	static
../Core/Src/main.c:334:13:MX_GPIO_Init	40	static
../Core/Src/main.c:371:5:__io_putchar	16	static
../Core/Src/main.c:376:9:lsm_read_reg	40	static
../Core/Src/main.c:382:9:lsm_read_value	40	static
../Core/Src/main.c:388:6:lsm_write_reg	32	static
../Core/Src/main.c:392:9:map_value	16	static
../Core/Src/main.c:401:6:Error_Handler	4	static,ignoring_inline_asm
